if ProcessInfo.processInfo.environment["file_0_0_0"] != nil {
    a >= b
} else if ProcessInfo.processInfo.environment["file_2_0_0"] != nil {
    a == b
} else if ProcessInfo.processInfo.environment["file_1_0_0"] != nil {
    a <= b
} else {
    a != b
}
