OVERVIEW: 🔎 Automated mutation testing for Swift 🕳️

USAGE: muter <subcommand>

OPTIONS:
  --version               Show the version.
  -h, --help              Show help information.

SUBCOMMANDS:
  init                    Creates the configuration file that Muter uses
  run (default)           Performs mutation testing for the Swift project
                          contained within the current directory.
  run-without-mutating    Performs mutation testing using the test plan.
  mutate-without-running  Mutates the source code and outputs the test plan as
                          JSON.
  operator                Describes a given mutation operator.

  See 'muter help <subcommand>' for detailed help.
