import Foundation

#if os(iOS) || os(tvOS)
  import Foo
#else
  import Bar
#endif

func foo() {
  return true && false
}
