SchemataMutationMapping(
    source: "\n      sideEffect()",
schemata: [Schemata(
    id: "sampleWithSideEffects_RemoveSideEffects_48_19_1049",
    filePath: "/Users/rafaelmachado/Developer/muter/Tests/fixtures/MutationExamples/SideEffect/sampleWithSideEffects.swift",
    mutationOperatorId: .removeSideEffects,
    syntaxMutation: "",
    position: MutationPosition(
    utf8Offset: 1049,
    line: 48,
    column: 19
),
    snapshot: MutationOperator.Snapshot(
    before: "sideEffect()",
    after: "removed line",
    description: "removed line"
)
)]source: "\n      sideEffect()",
schemata: [Schemata(
    id: "sampleWithSideEffects_RemoveSideEffects_52_19_1099",
    filePath: "/Users/rafaelmachado/Developer/muter/Tests/fixtures/MutationExamples/SideEffect/sampleWithSideEffects.swift",
    mutationOperatorId: .removeSideEffects,
    syntaxMutation: "",
    position: MutationPosition(
    utf8Offset: 1099,
    line: 52,
    column: 19
),
    snapshot: MutationOperator.Snapshot(
    before: "sideEffect()",
    after: "removed line",
    description: "removed line"
)
)]source: "\n      sideEffect()",
schemata: [Schemata(
    id: "sampleWithSideEffects_RemoveSideEffects_56_19_1138",
    filePath: "/Users/rafaelmachado/Developer/muter/Tests/fixtures/MutationExamples/SideEffect/sampleWithSideEffects.swift",
    mutationOperatorId: .removeSideEffects,
    syntaxMutation: "",
    position: MutationPosition(
    utf8Offset: 1138,
    line: 56,
    column: 19
),
    snapshot: MutationOperator.Snapshot(
    before: "sideEffect()",
    after: "removed line",
    description: "removed line"
)
)]source: "\n      sideEffect()\n      return",
schemata: [Schemata(
    id: "sampleWithSideEffects_RemoveSideEffects_44_19_994",
    filePath: "/Users/rafaelmachado/Developer/muter/Tests/fixtures/MutationExamples/SideEffect/sampleWithSideEffects.swift",
    mutationOperatorId: .removeSideEffects,
    syntaxMutation: "\n      return",
    position: MutationPosition(
    utf8Offset: 994,
    line: 44,
    column: 19
),
    snapshot: MutationOperator.Snapshot(
    before: "sideEffect()",
    after: "removed line",
    description: "removed line"
)
)]source: "\n    _ = causesSideEffect()\n    return 1",
schemata: [Schemata(
    id: "sampleWithSideEffects_RemoveSideEffects_3_27_80",
    filePath: "/Users/rafaelmachado/Developer/muter/Tests/fixtures/MutationExamples/SideEffect/sampleWithSideEffects.swift",
    mutationOperatorId: .removeSideEffects,
    syntaxMutation: "\n    return 1",
    position: MutationPosition(
    utf8Offset: 80,
    line: 3,
    column: 27
),
    snapshot: MutationOperator.Snapshot(
    before: "_ = causesSideEffect()",
    after: "removed line",
    description: "removed line"
)
)]source: "\n    functionCall(\n      \"some argument\",\n      anArgumentLabel: \"some argument that's different\",\n      anotherArgumentLabel: 5\n    )",
schemata: [Schemata(
    id: "sampleWithSideEffects_RemoveSideEffects_39_6_906",
    filePath: "/Users/rafaelmachado/Developer/muter/Tests/fixtures/MutationExamples/SideEffect/sampleWithSideEffects.swift",
    mutationOperatorId: .removeSideEffects,
    syntaxMutation: "",
    position: MutationPosition(
    utf8Offset: 906,
    line: 39,
    column: 6
),
    snapshot: MutationOperator.Snapshot(
    before: "functionCall( "some argument", anArgumentLabel: "some argument that's different", anotherArgumentLabel: 5 )",
    after: "removed line",
    description: "removed line"
)
)]source: "\n    let containsIgnoredResult = statement.description.contains(\"_ = \")\n    var anotherIgnoredResult = statement.description.contains(\"_ = \")",
schemata: [Schemata(
    id: "sampleWithSideEffects_RemoveSideEffects_30_71_643",
    filePath: "/Users/rafaelmachado/Developer/muter/Tests/fixtures/MutationExamples/SideEffect/sampleWithSideEffects.swift",
    mutationOperatorId: .removeSideEffects,
    syntaxMutation: "\n    var anotherIgnoredResult = statement.description.contains(\"_ = \")",
    position: MutationPosition(
    utf8Offset: 643,
    line: 30,
    column: 71
),
    snapshot: MutationOperator.Snapshot(
    before: "let containsIgnoredResult = statement.description.contains("_ = ")",
    after: "removed line",
    description: "removed line"
)
), Schemata(
    id: "sampleWithSideEffects_RemoveSideEffects_31_70_713",
    filePath: "/Users/rafaelmachado/Developer/muter/Tests/fixtures/MutationExamples/SideEffect/sampleWithSideEffects.swift",
    mutationOperatorId: .removeSideEffects,
    syntaxMutation: "\n    let containsIgnoredResult = statement.description.contains(\"_ = \")",
    position: MutationPosition(
    utf8Offset: 713,
    line: 31,
    column: 70
),
    snapshot: MutationOperator.Snapshot(
    before: "var anotherIgnoredResult = statement.description.contains("_ = ")",
    after: "removed line",
    description: "removed line"
)
)]source: "\n    let key = \"some key\"\n    let value = aFunctionThatReturnsAValue()\n    someFunctionThatWritesToADatabase(key: key, value: value)",
schemata: [Schemata(
    id: "sampleWithSideEffects_RemoveSideEffects_20_62_423",
    filePath: "/Users/rafaelmachado/Developer/muter/Tests/fixtures/MutationExamples/SideEffect/sampleWithSideEffects.swift",
    mutationOperatorId: .removeSideEffects,
    syntaxMutation: "\n    let key = \"some key\"\n    let value = aFunctionThatReturnsAValue()",
    position: MutationPosition(
    utf8Offset: 423,
    line: 20,
    column: 62
),
    snapshot: MutationOperator.Snapshot(
    before: "someFunctionThatWritesToADatabase(key: key, value: value)",
    after: "removed line",
    description: "removed line"
)
)]source: "\n    print(\"something\")\n\n    _ = causesSideEffect()",
schemata: [Schemata(
    id: "sampleWithSideEffects_RemoveSideEffects_10_27_186",
    filePath: "/Users/rafaelmachado/Developer/muter/Tests/fixtures/MutationExamples/SideEffect/sampleWithSideEffects.swift",
    mutationOperatorId: .removeSideEffects,
    syntaxMutation: "\n    print(\"something\")",
    position: MutationPosition(
    utf8Offset: 186,
    line: 10,
    column: 27
),
    snapshot: MutationOperator.Snapshot(
    before: "_ = causesSideEffect()",
    after: "removed line",
    description: "removed line"
)
)]
)