// swiftformat:disable all
// swiftlint:disable all

import class Foundation.ProcessInfo

func foo() {
  true && false
}
