{
  "fileReports" : [
    {
      "appliedOperators" : [
        {
          "mutationPoint" : {
            "mutationOperatorId" : "RemoveSideEffects",
            "position" : {
              "column" : 41,
              "line" : 63,
              "utf8Offset" : 1888
            }
          },
          "testSuiteOutcome" : "passed"
        },
        {
          "mutationPoint" : {
            "mutationOperatorId" : "SwapTernaryOperator",
            "position" : {
              "column" : 123,
              "line" : 75,
              "utf8Offset" : 2289
            }
          },
          "testSuiteOutcome" : "failed"
        },
        {
          "mutationPoint" : {
            "mutationOperatorId" : "SwapTernaryOperator",
            "position" : {
              "column" : 108,
              "line" : 78,
              "utf8Offset" : 2467
            }
          },
          "testSuiteOutcome" : "passed"
        },
        {
          "mutationPoint" : {
            "mutationOperatorId" : "SwapTernaryOperator",
            "position" : {
              "column" : 138,
              "line" : 81,
              "utf8Offset" : 2695
            }
          },
          "testSuiteOutcome" : "passed"
        }
      ],
      "fileName" : "ContextualAlternates.swift",
      "mutationScore" : 25
    },
    {
      "appliedOperators" : [
        {
          "mutationPoint" : {
            "mutationOperatorId" : "RelationalOperatorReplacement",
            "position" : {
              "column" : 42,
              "line" : 34,
              "utf8Offset" : 1100
            }
          },
          "testSuiteOutcome" : "failed"
        },
        {
          "mutationPoint" : {
            "mutationOperatorId" : "RelationalOperatorReplacement",
            "position" : {
              "column" : 37,
              "line" : 40,
              "utf8Offset" : 1273
            }
          },
          "testSuiteOutcome" : "failed"
        },
        {
          "mutationPoint" : {
            "mutationOperatorId" : "RemoveSideEffects",
            "position" : {
              "column" : 53,
              "line" : 47,
              "utf8Offset" : 1576
            }
          },
          "testSuiteOutcome" : "failed"
        }
      ],
      "fileName" : "FontFeatures.swift",
      "mutationScore" : 100
    },
    {
      "appliedOperators" : [
        {
          "mutationPoint" : {
            "mutationOperatorId" : "ChangeLogicalConnector",
            "position" : {
              "column" : 60,
              "line" : 72,
              "utf8Offset" : 2925
            }
          },
          "testSuiteOutcome" : "passed"
        }
      ],
      "fileName" : "NSAttributedString+BonMot.swift",
      "mutationScore" : 0
    },
    {
      "appliedOperators" : [
        {
          "mutationPoint" : {
            "mutationOperatorId" : "RemoveSideEffects",
            "position" : {
              "column" : 41,
              "line" : 204,
              "utf8Offset" : 6468
            }
          },
          "testSuiteOutcome" : "passed"
        },
        {
          "mutationPoint" : {
            "mutationOperatorId" : "SwapTernaryOperator",
            "position" : {
              "column" : 96,
              "line" : 217,
              "utf8Offset" : 6863
            }
          },
          "testSuiteOutcome" : "passed"
        },
        {
          "mutationPoint" : {
            "mutationOperatorId" : "SwapTernaryOperator",
            "position" : {
              "column" : 96,
              "line" : 220,
              "utf8Offset" : 7005
            }
          },
          "testSuiteOutcome" : "failed"
        },
        {
          "mutationPoint" : {
            "mutationOperatorId" : "SwapTernaryOperator",
            "position" : {
              "column" : 102,
              "line" : 223,
              "utf8Offset" : 7157
            }
          },
          "testSuiteOutcome" : "passed"
        },
        {
          "mutationPoint" : {
            "mutationOperatorId" : "SwapTernaryOperator",
            "position" : {
              "column" : 99,
              "line" : 226,
              "utf8Offset" : 7304
            }
          },
          "testSuiteOutcome" : "passed"
        },
        {
          "mutationPoint" : {
            "mutationOperatorId" : "SwapTernaryOperator",
            "position" : {
              "column" : 99,
              "line" : 229,
              "utf8Offset" : 7451
            }
          },
          "testSuiteOutcome" : "failed"
        },
        {
          "mutationPoint" : {
            "mutationOperatorId" : "SwapTernaryOperator",
            "position" : {
              "column" : 96,
              "line" : 232,
              "utf8Offset" : 7593
            }
          },
          "testSuiteOutcome" : "failed"
        },
        {
          "mutationPoint" : {
            "mutationOperatorId" : "SwapTernaryOperator",
            "position" : {
              "column" : 102,
              "line" : 235,
              "utf8Offset" : 7745
            }
          },
          "testSuiteOutcome" : "passed"
        },
        {
          "mutationPoint" : {
            "mutationOperatorId" : "SwapTernaryOperator",
            "position" : {
              "column" : 102,
              "line" : 238,
              "utf8Offset" : 7897
            }
          },
          "testSuiteOutcome" : "passed"
        },
        {
          "mutationPoint" : {
            "mutationOperatorId" : "SwapTernaryOperator",
            "position" : {
              "column" : 99,
              "line" : 241,
              "utf8Offset" : 8044
            }
          },
          "testSuiteOutcome" : "passed"
        },
        {
          "mutationPoint" : {
            "mutationOperatorId" : "SwapTernaryOperator",
            "position" : {
              "column" : 96,
              "line" : 244,
              "utf8Offset" : 8186
            }
          },
          "testSuiteOutcome" : "passed"
        },
        {
          "mutationPoint" : {
            "mutationOperatorId" : "SwapTernaryOperator",
            "position" : {
              "column" : 105,
              "line" : 247,
              "utf8Offset" : 8343
            }
          },
          "testSuiteOutcome" : "passed"
        },
        {
          "mutationPoint" : {
            "mutationOperatorId" : "SwapTernaryOperator",
            "position" : {
              "column" : 105,
              "line" : 250,
              "utf8Offset" : 8500
            }
          },
          "testSuiteOutcome" : "passed"
        },
        {
          "mutationPoint" : {
            "mutationOperatorId" : "SwapTernaryOperator",
            "position" : {
              "column" : 111,
              "line" : 253,
              "utf8Offset" : 8667
            }
          },
          "testSuiteOutcome" : "passed"
        },
        {
          "mutationPoint" : {
            "mutationOperatorId" : "SwapTernaryOperator",
            "position" : {
              "column" : 111,
              "line" : 256,
              "utf8Offset" : 8834
            }
          },
          "testSuiteOutcome" : "passed"
        },
        {
          "mutationPoint" : {
            "mutationOperatorId" : "SwapTernaryOperator",
            "position" : {
              "column" : 108,
              "line" : 259,
              "utf8Offset" : 8996
            }
          },
          "testSuiteOutcome" : "passed"
        },
        {
          "mutationPoint" : {
            "mutationOperatorId" : "SwapTernaryOperator",
            "position" : {
              "column" : 108,
              "line" : 262,
              "utf8Offset" : 9158
            }
          },
          "testSuiteOutcome" : "passed"
        },
        {
          "mutationPoint" : {
            "mutationOperatorId" : "SwapTernaryOperator",
            "position" : {
              "column" : 114,
              "line" : 265,
              "utf8Offset" : 9330
            }
          },
          "testSuiteOutcome" : "passed"
        },
        {
          "mutationPoint" : {
            "mutationOperatorId" : "SwapTernaryOperator",
            "position" : {
              "column" : 111,
              "line" : 268,
              "utf8Offset" : 9497
            }
          },
          "testSuiteOutcome" : "passed"
        },
        {
          "mutationPoint" : {
            "mutationOperatorId" : "SwapTernaryOperator",
            "position" : {
              "column" : 111,
              "line" : 271,
              "utf8Offset" : 9664
            }
          },
          "testSuiteOutcome" : "passed"
        },
        {
          "mutationPoint" : {
            "mutationOperatorId" : "SwapTernaryOperator",
            "position" : {
              "column" : 105,
              "line" : 274,
              "utf8Offset" : 9821
            }
          },
          "testSuiteOutcome" : "passed"
        }
      ],
      "fileName" : "StylisticAlternates.swift",
      "mutationScore" : 14
    },
    {
      "appliedOperators" : [
        {
          "mutationPoint" : {
            "mutationOperatorId" : "RelationalOperatorReplacement",
            "position" : {
              "column" : 21,
              "line" : 23,
              "utf8Offset" : 546
            }
          },
          "testSuiteOutcome" : "passed"
        }
      ],
      "fileName" : "Tracking.swift",
      "mutationScore" : 0
    },
    {
      "appliedOperators" : [
        {
          "mutationPoint" : {
            "mutationOperatorId" : "RelationalOperatorReplacement",
            "position" : {
              "column" : 38,
              "line" : 84,
              "utf8Offset" : 3368
            }
          },
          "testSuiteOutcome" : "passed"
        },
        {
          "mutationPoint" : {
            "mutationOperatorId" : "RemoveSideEffects",
            "position" : {
              "column" : 26,
              "line" : 94,
              "utf8Offset" : 3947
            }
          },
          "testSuiteOutcome" : "passed"
        }
      ],
      "fileName" : "AdaptableTextContainer.swift",
      "mutationScore" : 0
    },
    {
      "appliedOperators" : [
        {
          "mutationPoint" : {
            "mutationOperatorId" : "RelationalOperatorReplacement",
            "position" : {
              "column" : 30,
              "line" : 131,
              "utf8Offset" : 5260
            }
          },
          "testSuiteOutcome" : "passed"
        },
        {
          "mutationPoint" : {
            "mutationOperatorId" : "RelationalOperatorReplacement",
            "position" : {
              "column" : 30,
              "line" : 133,
              "utf8Offset" : 5393
            }
          },
          "testSuiteOutcome" : "passed"
        },
        {
          "mutationPoint" : {
            "mutationOperatorId" : "SwapTernaryOperator",
            "position" : {
              "column" : 90,
              "line" : 131,
              "utf8Offset" : 5320
            }
          },
          "testSuiteOutcome" : "passed"
        },
        {
          "mutationPoint" : {
            "mutationOperatorId" : "SwapTernaryOperator",
            "position" : {
              "column" : 88,
              "line" : 133,
              "utf8Offset" : 5451
            }
          },
          "testSuiteOutcome" : "passed"
        }
      ],
      "fileName" : "AdaptiveStyle.swift",
      "mutationScore" : 0
    },
    {
      "appliedOperators" : [
        {
          "mutationPoint" : {
            "mutationOperatorId" : "RelationalOperatorReplacement",
            "position" : {
              "column" : 76,
              "line" : 50,
              "utf8Offset" : 2068
            }
          },
          "testSuiteOutcome" : "passed"
        }
      ],
      "fileName" : "EmbeddedTransformation.swift",
      "mutationScore" : 0
    },
    {
      "appliedOperators" : [
        {
          "mutationPoint" : {
            "mutationOperatorId" : "RemoveSideEffects",
            "position" : {
              "column" : 33,
              "line" : 39,
              "utf8Offset" : 1625
            }
          },
          "testSuiteOutcome" : "passed"
        },
        {
          "mutationPoint" : {
            "mutationOperatorId" : "RemoveSideEffects",
            "position" : {
              "column" : 10,
              "line" : 54,
              "utf8Offset" : 2659
            }
          },
          "testSuiteOutcome" : "passed"
        },
        {
          "mutationPoint" : {
            "mutationOperatorId" : "RemoveSideEffects",
            "position" : {
              "column" : 31,
              "line" : 55,
              "utf8Offset" : 2690
            }
          },
          "testSuiteOutcome" : "passed"
        }
      ],
      "fileName" : "NSAttributedString+Adaptive.swift",
      "mutationScore" : 0
    },
    {
      "appliedOperators" : [
        {
          "mutationPoint" : {
            "mutationOperatorId" : "RelationalOperatorReplacement",
            "position" : {
              "column" : 38,
              "line" : 81,
              "utf8Offset" : 3204
            }
          },
          "testSuiteOutcome" : "passed"
        },
        {
          "mutationPoint" : {
            "mutationOperatorId" : "RemoveSideEffects",
            "position" : {
              "column" : 10,
              "line" : 200,
              "utf8Offset" : 7783
            }
          },
          "testSuiteOutcome" : "passed"
        }
      ],
      "fileName" : "StyleableUIElement.swift",
      "mutationScore" : 0
    },
    {
      "appliedOperators" : [
        {
          "mutationPoint" : {
            "mutationOperatorId" : "RelationalOperatorReplacement",
            "position" : {
              "column" : 23,
              "line" : 178,
              "utf8Offset" : 6205
            }
          },
          "testSuiteOutcome" : "passed"
        },
        {
          "mutationPoint" : {
            "mutationOperatorId" : "RemoveSideEffects",
            "position" : {
              "column" : 36,
              "line" : 135,
              "utf8Offset" : 4695
            }
          },
          "testSuiteOutcome" : "failed"
        },
        {
          "mutationPoint" : {
            "mutationOperatorId" : "RemoveSideEffects",
            "position" : {
              "column" : 36,
              "line" : 136,
              "utf8Offset" : 4731
            }
          },
          "testSuiteOutcome" : "failed"
        },
        {
          "mutationPoint" : {
            "mutationOperatorId" : "RemoveSideEffects",
            "position" : {
              "column" : 29,
              "line" : 146,
              "utf8Offset" : 4884
            }
          },
          "testSuiteOutcome" : "passed"
        },
        {
          "mutationPoint" : {
            "mutationOperatorId" : "RemoveSideEffects",
            "position" : {
              "column" : 25,
              "line" : 147,
              "utf8Offset" : 4909
            }
          },
          "testSuiteOutcome" : "passed"
        },
        {
          "mutationPoint" : {
            "mutationOperatorId" : "RemoveSideEffects",
            "position" : {
              "column" : 25,
              "line" : 148,
              "utf8Offset" : 4934
            }
          },
          "testSuiteOutcome" : "passed"
        },
        {
          "mutationPoint" : {
            "mutationOperatorId" : "RemoveSideEffects",
            "position" : {
              "column" : 25,
              "line" : 183,
              "utf8Offset" : 6402
            }
          },
          "testSuiteOutcome" : "passed"
        }
      ],
      "fileName" : "TextAlignmentConstraint.swift",
      "mutationScore" : 28
    },
    {
      "appliedOperators" : [
        {
          "mutationPoint" : {
            "mutationOperatorId" : "RemoveSideEffects",
            "position" : {
              "column" : 25,
              "line" : 29,
              "utf8Offset" : 1256
            }
          },
          "testSuiteOutcome" : "passed"
        },
        {
          "mutationPoint" : {
            "mutationOperatorId" : "RelationalOperatorReplacement",
            "position" : {
              "column" : 28,
              "line" : 59,
              "utf8Offset" : 2654
            }
          },
          "testSuiteOutcome" : "passed"
        },
        {
          "mutationPoint" : {
            "mutationOperatorId" : "RemoveSideEffects",
            "position" : {
              "column" : 80,
              "line" : 66,
              "utf8Offset" : 2980
            }
          },
          "testSuiteOutcome" : "passed"
        },
        {
          "mutationPoint" : {
            "mutationOperatorId" : "RemoveSideEffects",
            "position" : {
              "column" : 55,
              "line" : 67,
              "utf8Offset" : 3035
            }
          },
          "testSuiteOutcome" : "passed"
        }
      ],
      "fileName" : "UIKit+AdaptableTextContainerSupport.swift",
      "mutationScore" : 0
    },
    {
      "appliedOperators" : [
        {
          "mutationPoint" : {
            "mutationOperatorId" : "RelationalOperatorReplacement",
            "position" : {
              "column" : 41,
              "line" : 43,
              "utf8Offset" : 1390
            }
          },
          "testSuiteOutcome" : "passed"
        }
      ],
      "fileName" : "UIKit+Helpers.swift",
      "mutationScore" : 0
    },
    {
      "appliedOperators" : [
        {
          "mutationPoint" : {
            "mutationOperatorId" : "RemoveSideEffects",
            "position" : {
              "column" : 0,
              "line" : 0,
              "utf8Offset" : -999
            }
          },
          "testSuiteOutcome" : "noCoverage"
        }
      ],
      "fileName" : "Platform.swift",
      "mutationScore" : 0
    }
  ],
  "globalMutationScore" : 16,
  "numberOfKilledMutants" : 9,
  "projectCodeCoverage" : 80,
  "totalAppliedMutationOperators" : 54
}