{
  "fileReports" : [
    {
      "appliedOperators" : [
        {
          "mutationPoint" : {
            "mutationOperatorId" : "RelationalOperatorReplacement",
            "position" : {
              "column" : 23,
              "line" : 88,
              "utf8Offset" : 3469
            }
          },
          "testSuiteOutcome" : "runtimeError"
        },
        {
          "mutationPoint" : {
            "mutationOperatorId" : "RelationalOperatorReplacement",
            "position" : {
              "column" : 46,
              "line" : 88,
              "utf8Offset" : 3492
            }
          },
          "testSuiteOutcome" : "runtimeError"
        },
        {
          "mutationPoint" : {
            "mutationOperatorId" : "RelationalOperatorReplacement",
            "position" : {
              "column" : 29,
              "line" : 92,
              "utf8Offset" : 3676
            }
          },
          "testSuiteOutcome" : "runtimeError"
        },
        {
          "mutationPoint" : {
            "mutationOperatorId" : "ChangeLogicalConnector",
            "position" : {
              "column" : 30,
              "line" : 88,
              "utf8Offset" : 3476
            }
          },
          "testSuiteOutcome" : "runtimeError"
        }
      ],
      "fileName" : "FFCParserCombinator.swift",
      "mutationScore" : 100
    },
    {
      "appliedOperators" : [
        {
          "mutationPoint" : {
            "mutationOperatorId" : "RelationalOperatorReplacement",
            "position" : {
              "column" : 73,
              "line" : 103,
              "utf8Offset" : 3765
            }
          },
          "testSuiteOutcome" : "runtimeError"
        },
        {
          "mutationPoint" : {
            "mutationOperatorId" : "RelationalOperatorReplacement",
            "position" : {
              "column" : 55,
              "line" : 180,
              "utf8Offset" : 6412
            }
          },
          "testSuiteOutcome" : "runtimeError"
        },
        {
          "mutationPoint" : {
            "mutationOperatorId" : "RelationalOperatorReplacement",
            "position" : {
              "column" : 38,
              "line" : 204,
              "utf8Offset" : 7185
            }
          },
          "testSuiteOutcome" : "runtimeError"
        },
        {
          "mutationPoint" : {
            "mutationOperatorId" : "RelationalOperatorReplacement",
            "position" : {
              "column" : 42,
              "line" : 254,
              "utf8Offset" : 9337
            }
          },
          "testSuiteOutcome" : "runtimeError"
        },
        {
          "mutationPoint" : {
            "mutationOperatorId" : "RelationalOperatorReplacement",
            "position" : {
              "column" : 48,
              "line" : 282,
              "utf8Offset" : 10445
            }
          },
          "testSuiteOutcome" : "runtimeError"
        },
        {
          "mutationPoint" : {
            "mutationOperatorId" : "RelationalOperatorReplacement",
            "position" : {
              "column" : 76,
              "line" : 282,
              "utf8Offset" : 10473
            }
          },
          "testSuiteOutcome" : "runtimeError"
        },
        {
          "mutationPoint" : {
            "mutationOperatorId" : "RelationalOperatorReplacement",
            "position" : {
              "column" : 106,
              "line" : 282,
              "utf8Offset" : 10503
            }
          },
          "testSuiteOutcome" : "runtimeError"
        }
      ],
      "fileName" : "StringParsing.swift",
      "mutationScore" : 100
    }
  ],
  "globalMutationScore" : 100,
  "numberOfKilledMutants" : 11,
  "totalAppliedMutationOperators" : 11
}