{
  "fileReports" : [
    {
      "appliedOperators" : [
        {
          "mutationPoint" : {
            "mutationOperatorId" : "RemoveSideEffects",
            "position" : {
              "column" : 41,
              "line" : 63
            }
          },
          "testSuiteOutcome" : "passed"
        }
      ],
      "fileName" : "ContextualAlternates.swift",
      "mutationScore" : 0
    },
    {
      "appliedOperators" : [
        {
          "mutationPoint" : {
            "mutationOperatorId" : "RelationalOperatorReplacement",
            "position" : {
              "column" : 42,
              "line" : 34
            }
          },
          "testSuiteOutcome" : "failed"
        },
        {
          "mutationPoint" : {
            "mutationOperatorId" : "RelationalOperatorReplacement",
            "position" : {
              "column" : 37,
              "line" : 40
            }
          },
          "testSuiteOutcome" : "failed"
        }
      ],
      "fileName" : "FontFeatures.swift",
      "mutationScore" : 100
    },
    {
      "appliedOperators" : [
        {
          "mutationPoint" : {
            "mutationOperatorId" : "RemoveSideEffects",
            "position" : {
              "column" : 97,
              "line" : 57
            }
          },
          "testSuiteOutcome" : "failed"
        },
        {
          "mutationPoint" : {
            "mutationOperatorId" : "RemoveSideEffects",
            "position" : {
              "column" : 85,
              "line" : 83
            }
          },
          "testSuiteOutcome" : "failed"
        }
      ],
      "fileName" : "NSAttributedString+BonMot.swift",
      "mutationScore" : 100
    },
    {
      "appliedOperators" : [
        {
          "mutationPoint" : {
            "mutationOperatorId" : "RemoveSideEffects",
            "position" : {
              "column" : 55,
              "line" : 72
            }
          },
          "testSuiteOutcome" : "passed"
        }
      ],
      "fileName" : "NamedStyles.swift",
      "mutationScore" : 0
    },
    {
      "appliedOperators" : [
        {
          "mutationPoint" : {
            "mutationOperatorId" : "RemoveSideEffects",
            "position" : {
              "column" : 31,
              "line" : 134
            }
          },
          "testSuiteOutcome" : "failed"
        },
        {
          "mutationPoint" : {
            "mutationOperatorId" : "RemoveSideEffects",
            "position" : {
              "column" : 37,
              "line" : 155
            }
          },
          "testSuiteOutcome" : "failed"
        }
      ],
      "fileName" : "StringStyle+Part.swift",
      "mutationScore" : 100
    },
    {
      "appliedOperators" : [
        {
          "mutationPoint" : {
            "mutationOperatorId" : "RemoveSideEffects",
            "position" : {
              "column" : 41,
              "line" : 204
            }
          },
          "testSuiteOutcome" : "passed"
        }
      ],
      "fileName" : "StylisticAlternates.swift",
      "mutationScore" : 0
    },
    {
      "appliedOperators" : [
        {
          "mutationPoint" : {
            "mutationOperatorId" : "RelationalOperatorReplacement",
            "position" : {
              "column" : 38,
              "line" : 84
            }
          },
          "testSuiteOutcome" : "passed"
        },
        {
          "mutationPoint" : {
            "mutationOperatorId" : "RemoveSideEffects",
            "position" : {
              "column" : 59,
              "line" : 109
            }
          },
          "testSuiteOutcome" : "passed"
        },
        {
          "mutationPoint" : {
            "mutationOperatorId" : "RemoveSideEffects",
            "position" : {
              "column" : 62,
              "line" : 132
            }
          },
          "testSuiteOutcome" : "passed"
        },
        {
          "mutationPoint" : {
            "mutationOperatorId" : "RemoveSideEffects",
            "position" : {
              "column" : 64,
              "line" : 170
            }
          },
          "testSuiteOutcome" : "passed"
        },
        {
          "mutationPoint" : {
            "mutationOperatorId" : "RemoveSideEffects",
            "position" : {
              "column" : 64,
              "line" : 187
            }
          },
          "testSuiteOutcome" : "passed"
        },
        {
          "mutationPoint" : {
            "mutationOperatorId" : "RemoveSideEffects",
            "position" : {
              "column" : 68,
              "line" : 192
            }
          },
          "testSuiteOutcome" : "passed"
        },
        {
          "mutationPoint" : {
            "mutationOperatorId" : "RemoveSideEffects",
            "position" : {
              "column" : 62,
              "line" : 215
            }
          },
          "testSuiteOutcome" : "passed"
        },
        {
          "mutationPoint" : {
            "mutationOperatorId" : "RemoveSideEffects",
            "position" : {
              "column" : 26,
              "line" : 94
            }
          },
          "testSuiteOutcome" : "passed"
        }
      ],
      "fileName" : "AdaptableTextContainer.swift",
      "mutationScore" : 0
    },
    {
      "appliedOperators" : [
        {
          "mutationPoint" : {
            "mutationOperatorId" : "RelationalOperatorReplacement",
            "position" : {
              "column" : 30,
              "line" : 131
            }
          },
          "testSuiteOutcome" : "passed"
        },
        {
          "mutationPoint" : {
            "mutationOperatorId" : "RelationalOperatorReplacement",
            "position" : {
              "column" : 30,
              "line" : 133
            }
          },
          "testSuiteOutcome" : "passed"
        },
        {
          "mutationPoint" : {
            "mutationOperatorId" : "SwapTernary",
            "position" : {
              "column" : 90,
              "line" : 131
            }
          },
          "testSuiteOutcome" : "passed"
        },
        {
          "mutationPoint" : {
            "mutationOperatorId" : "SwapTernary",
            "position" : {
              "column" : 88,
              "line" : 133
            }
          },
          "testSuiteOutcome" : "passed"
        }
      ],
      "fileName" : "AdaptiveStyle.swift",
      "mutationScore" : 0
    },
    {
      "appliedOperators" : [
        {
          "mutationPoint" : {
            "mutationOperatorId" : "RelationalOperatorReplacement",
            "position" : {
              "column" : 76,
              "line" : 50
            }
          },
          "testSuiteOutcome" : "passed"
        }
      ],
      "fileName" : "EmbeddedTransformation.swift",
      "mutationScore" : 0
    },
    {
      "appliedOperators" : [
        {
          "mutationPoint" : {
            "mutationOperatorId" : "RemoveSideEffects",
            "position" : {
              "column" : 33,
              "line" : 39
            }
          },
          "testSuiteOutcome" : "passed"
        },
        {
          "mutationPoint" : {
            "mutationOperatorId" : "RemoveSideEffects",
            "position" : {
              "column" : 68,
              "line" : 51
            }
          },
          "testSuiteOutcome" : "passed"
        },
        {
          "mutationPoint" : {
            "mutationOperatorId" : "RemoveSideEffects",
            "position" : {
              "column" : 10,
              "line" : 54
            }
          },
          "testSuiteOutcome" : "passed"
        },
        {
          "mutationPoint" : {
            "mutationOperatorId" : "RemoveSideEffects",
            "position" : {
              "column" : 31,
              "line" : 55
            }
          },
          "testSuiteOutcome" : "passed"
        }
      ],
      "fileName" : "NSAttributedString+Adaptive.swift",
      "mutationScore" : 0
    },
    {
      "appliedOperators" : [
        {
          "mutationPoint" : {
            "mutationOperatorId" : "RelationalOperatorReplacement",
            "position" : {
              "column" : 38,
              "line" : 81
            }
          },
          "testSuiteOutcome" : "passed"
        },
        {
          "mutationPoint" : {
            "mutationOperatorId" : "RemoveSideEffects",
            "position" : {
              "column" : 10,
              "line" : 200
            }
          },
          "testSuiteOutcome" : "passed"
        }
      ],
      "fileName" : "StyleableUIElement.swift",
      "mutationScore" : 0
    },
    {
      "appliedOperators" : [
        {
          "mutationPoint" : {
            "mutationOperatorId" : "RemoveSideEffects",
            "position" : {
              "column" : 36,
              "line" : 135
            }
          },
          "testSuiteOutcome" : "failed"
        },
        {
          "mutationPoint" : {
            "mutationOperatorId" : "RemoveSideEffects",
            "position" : {
              "column" : 36,
              "line" : 136
            }
          },
          "testSuiteOutcome" : "failed"
        },
        {
          "mutationPoint" : {
            "mutationOperatorId" : "RemoveSideEffects",
            "position" : {
              "column" : 29,
              "line" : 146
            }
          },
          "testSuiteOutcome" : "passed"
        },
        {
          "mutationPoint" : {
            "mutationOperatorId" : "RemoveSideEffects",
            "position" : {
              "column" : 25,
              "line" : 147
            }
          },
          "testSuiteOutcome" : "passed"
        },
        {
          "mutationPoint" : {
            "mutationOperatorId" : "RemoveSideEffects",
            "position" : {
              "column" : 25,
              "line" : 148
            }
          },
          "testSuiteOutcome" : "passed"
        },
        {
          "mutationPoint" : {
            "mutationOperatorId" : "RemoveSideEffects",
            "position" : {
              "column" : 109,
              "line" : 153
            }
          },
          "testSuiteOutcome" : "failed"
        },
        {
          "mutationPoint" : {
            "mutationOperatorId" : "RemoveSideEffects",
            "position" : {
              "column" : 99,
              "line" : 159
            }
          },
          "testSuiteOutcome" : "passed"
        }
      ],
      "fileName" : "TextAlignmentConstraint.swift",
      "mutationScore" : 42
    },
    {
      "appliedOperators" : [
        {
          "mutationPoint" : {
            "mutationOperatorId" : "RelationalOperatorReplacement",
            "position" : {
              "column" : 28,
              "line" : 59
            }
          },
          "testSuiteOutcome" : "passed"
        },
        {
          "mutationPoint" : {
            "mutationOperatorId" : "RemoveSideEffects",
            "position" : {
              "column" : 25,
              "line" : 29
            }
          },
          "testSuiteOutcome" : "passed"
        },
        {
          "mutationPoint" : {
            "mutationOperatorId" : "RemoveSideEffects",
            "position" : {
              "column" : 66,
              "line" : 43
            }
          },
          "testSuiteOutcome" : "passed"
        },
        {
          "mutationPoint" : {
            "mutationOperatorId" : "RemoveSideEffects",
            "position" : {
              "column" : 86,
              "line" : 45
            }
          },
          "testSuiteOutcome" : "passed"
        },
        {
          "mutationPoint" : {
            "mutationOperatorId" : "RemoveSideEffects",
            "position" : {
              "column" : 74,
              "line" : 64
            }
          },
          "testSuiteOutcome" : "passed"
        },
        {
          "mutationPoint" : {
            "mutationOperatorId" : "RemoveSideEffects",
            "position" : {
              "column" : 109,
              "line" : 77
            }
          },
          "testSuiteOutcome" : "passed"
        }
      ],
      "fileName" : "UIKit+AdaptableTextContainerSupport.swift",
      "mutationScore" : 0
    },
    {
      "appliedOperators" : [
        {
          "mutationPoint" : {
            "mutationOperatorId" : "RelationalOperatorReplacement",
            "position" : {
              "column" : 41,
              "line" : 43
            }
          },
          "testSuiteOutcome" : "passed"
        }
      ],
      "fileName" : "UIKit+Helpers.swift",
      "mutationScore" : 0
    },
    {
      "appliedOperators" : [
        {
          "mutationPoint" : {
            "mutationOperatorId" : "RelationalOperatorReplacement",
            "position" : {
              "column" : 61,
              "line" : 143
            }
          },
          "testSuiteOutcome" : "failed"
        },
        {
          "mutationPoint" : {
            "mutationOperatorId" : "RelationalOperatorReplacement",
            "position" : {
              "column" : 66,
              "line" : 145
            }
          },
          "testSuiteOutcome" : "failed"
        },
        {
          "mutationPoint" : {
            "mutationOperatorId" : "RelationalOperatorReplacement",
            "position" : {
              "column" : 66,
              "line" : 162
            }
          },
          "testSuiteOutcome" : "failed"
        },
        {
          "mutationPoint" : {
            "mutationOperatorId" : "RelationalOperatorReplacement",
            "position" : {
              "column" : 66,
              "line" : 164
            }
          },
          "testSuiteOutcome" : "failed"
        },
        {
          "mutationPoint" : {
            "mutationOperatorId" : "RemoveSideEffects",
            "position" : {
              "column" : 28,
              "line" : 335
            }
          },
          "testSuiteOutcome" : "failed"
        },
        {
          "mutationPoint" : {
            "mutationOperatorId" : "RemoveSideEffects",
            "position" : {
              "column" : 32,
              "line" : 336
            }
          },
          "testSuiteOutcome" : "passed"
        },
        {
          "mutationPoint" : {
            "mutationOperatorId" : "RemoveSideEffects",
            "position" : {
              "column" : 25,
              "line" : 349
            }
          },
          "testSuiteOutcome" : "failed"
        },
        {
          "mutationPoint" : {
            "mutationOperatorId" : "RemoveSideEffects",
            "position" : {
              "column" : 63,
              "line" : 350
            }
          },
          "testSuiteOutcome" : "runtimeError"
        }
      ],
      "fileName" : "XMLBuilder.swift",
      "mutationScore" : 87
    },
    {
      "appliedOperators" : [
        {
          "mutationPoint" : {
            "mutationOperatorId" : "RemoveSideEffects",
            "position" : {
              "column" : 0,
              "line" : 0
            }
          },
          "testSuiteOutcome" : "noCoverage"
        }
      ],
      "fileName" : "Platform.swift",
      "mutationScore" : 0
    }
  ],
  "globalMutationScore" : 32,
  "numberOfKilledMutants" : 16,
  "projectCodeCoverage" : 81,
  "totalAppliedMutationOperators" : 50
}