{
  "fileReports" : [
    {
      "appliedOperators" : [
        {
          "mutationPoint" : {
            "mutationOperatorId" : "ChangeLogicalConnector",
            "position" : {
              "column" : 30,
              "line" : 88
            }
          },
          "testSuiteOutcome" : "failed"
        },
        {
          "mutationPoint" : {
            "mutationOperatorId" : "RelationalOperatorReplacement",
            "position" : {
              "column" : 23,
              "line" : 88
            }
          },
          "testSuiteOutcome" : "failed"
        },
        {
          "mutationPoint" : {
            "mutationOperatorId" : "RelationalOperatorReplacement",
            "position" : {
              "column" : 46,
              "line" : 88
            }
          },
          "testSuiteOutcome" : "failed"
        },
        {
          "mutationPoint" : {
            "mutationOperatorId" : "RelationalOperatorReplacement",
            "position" : {
              "column" : 29,
              "line" : 92
            }
          },
          "testSuiteOutcome" : "failed"
        },
        {
          "mutationPoint" : {
            "mutationOperatorId" : "RemoveSideEffects",
            "position" : {
              "column" : 39,
              "line" : 90
            }
          },
          "testSuiteOutcome" : "passed"
        }
      ],
      "fileName" : "FFCParserCombinator.swift",
      "mutationScore" : 80
    },
    {
      "appliedOperators" : [
        {
          "mutationPoint" : {
            "mutationOperatorId" : "RelationalOperatorReplacement",
            "position" : {
              "column" : 73,
              "line" : 103
            }
          },
          "testSuiteOutcome" : "failed"
        },
        {
          "mutationPoint" : {
            "mutationOperatorId" : "RelationalOperatorReplacement",
            "position" : {
              "column" : 55,
              "line" : 180
            }
          },
          "testSuiteOutcome" : "failed"
        },
        {
          "mutationPoint" : {
            "mutationOperatorId" : "RelationalOperatorReplacement",
            "position" : {
              "column" : 38,
              "line" : 204
            }
          },
          "testSuiteOutcome" : "failed"
        },
        {
          "mutationPoint" : {
            "mutationOperatorId" : "RelationalOperatorReplacement",
            "position" : {
              "column" : 42,
              "line" : 254
            }
          },
          "testSuiteOutcome" : "failed"
        },
        {
          "mutationPoint" : {
            "mutationOperatorId" : "RelationalOperatorReplacement",
            "position" : {
              "column" : 106,
              "line" : 282
            }
          },
          "testSuiteOutcome" : "failed"
        },
        {
          "mutationPoint" : {
            "mutationOperatorId" : "RelationalOperatorReplacement",
            "position" : {
              "column" : 48,
              "line" : 282
            }
          },
          "testSuiteOutcome" : "failed"
        },
        {
          "mutationPoint" : {
            "mutationOperatorId" : "RelationalOperatorReplacement",
            "position" : {
              "column" : 76,
              "line" : 282
            }
          },
          "testSuiteOutcome" : "failed"
        },
        {
          "mutationPoint" : {
            "mutationOperatorId" : "SwapTernary",
            "position" : {
              "column" : 73,
              "line" : 180
            }
          },
          "testSuiteOutcome" : "failed"
        },
        {
          "mutationPoint" : {
            "mutationOperatorId" : "SwapTernary",
            "position" : {
              "column" : 52,
              "line" : 204
            }
          },
          "testSuiteOutcome" : "failed"
        }
      ],
      "fileName" : "StringParsing.swift",
      "mutationScore" : 100
    }
  ],
  "globalMutationScore" : 92,
  "numberOfKilledMutants" : 13,
  "totalAppliedMutationOperators" : 14
}